
% CID
otf-ccml-h	Identity-H	simsun.ttf/AG14 %!PS SimSun
otf-ccml-v	Identity-V	simsun.ttf/AG14 %!PS SimSun
otf-ccmr-h	Identity-H	simsun.ttf/AG14 %!PS SimSun
otf-ccmr-v	Identity-V	simsun.ttf/AG14 %!PS SimSun
otf-ccmb-h	Identity-H	simsun.ttf/AG14 %!PS SimSun
otf-ccmb-v	Identity-V	simsun.ttf/AG14 %!PS SimSun
otf-ccgr-h	Identity-H	simhei.ttf/AG14 %!PS SimHei
otf-ccgr-v	Identity-V	simhei.ttf/AG14 %!PS SimHei
otf-ccgb-h	Identity-H	simhei.ttf/AG14 %!PS SimHei
otf-ccgb-v	Identity-V	simhei.ttf/AG14 %!PS SimHei
otf-ccge-h	Identity-H	simhei.ttf/AG14 %!PS SimHei
otf-ccge-v	Identity-V	simhei.ttf/AG14 %!PS SimHei
otf-ccmgr-h	Identity-H	simkai.ttf/AG14 %!PS KaiTi
otf-ccmgr-v	Identity-V	simkai.ttf/AG14 %!PS KaiTi

% Unicode
otf-ucml-h	UniGB-UCS2-H	simsun.ttf %!PS SimSun
otf-ucml-v	UniGB-UCS2-V	simsun.ttf %!PS SimSun
otf-ucmr-h	UniGB-UCS2-H	simsun.ttf %!PS SimSun
otf-ucmr-v	UniGB-UCS2-V	simsun.ttf %!PS SimSun
otf-ucmb-h	UniGB-UCS2-H	simsun.ttf %!PS SimSun
otf-ucmb-v	UniGB-UCS2-V	simsun.ttf %!PS SimSun
otf-ucgr-h	UniGB-UCS2-H	simhei.ttf %!PS SimHei
otf-ucgr-v	UniGB-UCS2-V	simhei.ttf %!PS SimHei
otf-ucgb-h	UniGB-UCS2-H	simhei.ttf %!PS SimHei
otf-ucgb-v	UniGB-UCS2-V	simhei.ttf %!PS SimHei
otf-ucge-h	UniGB-UCS2-H	simhei.ttf %!PS SimHei
otf-ucge-v	UniGB-UCS2-V	simhei.ttf %!PS SimHei
otf-ucmgr-h	UniGB-UCS2-H	simkai.ttf %!PS KaiTi
otf-ucmgr-v	UniGB-UCS2-V	simkai.ttf %!PS KaiTi
