
% CID
otf-ckml-h	Identity-H	UnBatang.ttf/AK12
otf-ckml-v	Identity-V	UnBatang.ttf/AK12
otf-ckmr-h	Identity-H	UnBatang.ttf/AK12
otf-ckmr-v	Identity-V	UnBatang.ttf/AK12
otf-ckmb-h	Identity-H	UnBatangBold.ttf/AK12
otf-ckmb-v	Identity-V	UnBatangBold.ttf/AK12
otf-ckgr-h	Identity-H	UnDotum.ttf/AK12
otf-ckgr-v	Identity-V	UnDotum.ttf/AK12
otf-ckgb-h	Identity-H	UnDotumBold.ttf/AK12
otf-ckgb-v	Identity-V	UnDotumBold.ttf/AK12
otf-ckge-h	Identity-H	UnDotumBold.ttf/AK12
otf-ckge-v	Identity-V	UnDotumBold.ttf/AK12
otf-ckmgr-h	Identity-H	UnDinaru.ttf/AK12
otf-ckmgr-v	Identity-V	UnDinaru.ttf/AK12

% Unicode
otf-ukml-h	UniKS-UCS2-H	UnBatang.ttf
otf-ukml-v	UniKS-UCS2-V	UnBatang.ttf
otf-ukmr-h	UniKS-UCS2-H	UnBatang.ttf
otf-ukmr-v	UniKS-UCS2-V	UnBatang.ttf
otf-ukmb-h	UniKS-UCS2-H	UnBatangBold.ttf
otf-ukmb-v	UniKS-UCS2-V	UnBatangBold.ttf
otf-ukgr-h	UniKS-UCS2-H	UnDotum.ttf
otf-ukgr-v	UniKS-UCS2-V	UnDotum.ttf
otf-ukgb-h	UniKS-UCS2-H	UnDotumBold.ttf
otf-ukgb-v	UniKS-UCS2-V	UnDotumBold.ttf
otf-ukge-h	UniKS-UCS2-H	UnDotumBold.ttf
otf-ukge-v	UniKS-UCS2-V	UnDotumBold.ttf
otf-ukmgr-h	UniKS-UCS2-H	UnDinaru.ttf
otf-ukmgr-v	UniKS-UCS2-V	UnDinaru.ttf
