
% CID
otf-ccml-h	Identity-H	FandolSong-Regular.otf
otf-ccml-v	Identity-V	FandolSong-Regular.otf
otf-ccmr-h	Identity-H	FandolSong-Regular.otf
otf-ccmr-v	Identity-V	FandolSong-Regular.otf
otf-ccmb-h	Identity-H	FandolSong-Bold.otf
otf-ccmb-v	Identity-V	FandolSong-Bold.otf
otf-ccgr-h	Identity-H	FandolHei-Regular.otf
otf-ccgr-v	Identity-V	FandolHei-Regular.otf
otf-ccgb-h	Identity-H	FandolHei-Bold.otf
otf-ccgb-v	Identity-V	FandolHei-Bold.otf
otf-ccge-h	Identity-H	FandolHei-Bold.otf
otf-ccge-v	Identity-V	FandolHei-Bold.otf
otf-ccmgr-h	Identity-H	FandolKai-Regular.otf
otf-ccmgr-v	Identity-V	FandolKai-Regular.otf

% Unicode
otf-ucml-h	UniGB-UCS2-H	FandolSong-Regular.otf
otf-ucml-v	UniGB-UCS2-V	FandolSong-Regular.otf
otf-ucmr-h	UniGB-UCS2-H	FandolSong-Regular.otf
otf-ucmr-v	UniGB-UCS2-V	FandolSong-Regular.otf
otf-ucmb-h	UniGB-UCS2-H	FandolSong-Bold.otf
otf-ucmb-v	UniGB-UCS2-V	FandolSong-Bold.otf
otf-ucgr-h	UniGB-UCS2-H	FandolHei-Regular.otf
otf-ucgr-v	UniGB-UCS2-V	FandolHei-Regular.otf
otf-ucgb-h	UniGB-UCS2-H	FandolHei-Bold.otf
otf-ucgb-v	UniGB-UCS2-V	FandolHei-Bold.otf
otf-ucge-h	UniGB-UCS2-H	FandolHei-Bold.otf
otf-ucge-v	UniGB-UCS2-V	FandolHei-Bold.otf
otf-ucmgr-h	UniGB-UCS2-H	FandolKai-Regular.otf
otf-ucmgr-v	UniGB-UCS2-V	FandolKai-Regular.otf
