
% TEXT, 90JIS
hminl-h	H	:3:mogam.ttc
hminl-v	V	:3:mogam.ttc
hminr-h	H	:3:mogam.ttc
hminr-v	V	:3:mogam.ttc
hminb-h	H	:3:mogamb.ttc
hminb-v	V	:3:mogamb.ttc
hgothr-h	H	:3:mogag.ttc
hgothr-v	V	:3:mogag.ttc
hgothb-h	H	:3:mogagb.ttc
hgothb-v	V	:3:mogagb.ttc
hgotheb-h	H	:3:mogagb.ttc
hgotheb-v	V	:3:mogagb.ttc
hmgothr-h	H	:3:mobog.ttc
hmgothr-v	V	:3:mobog.ttc

% TEXT, JIS04
hminln-h	H	:0:mogam.ttc
hminln-v	V	:0:mogam.ttc
hminrn-h	H	:0:mogam.ttc
hminrn-v	V	:0:mogam.ttc
hminbn-h	H	:0:mogamb.ttc
hminbn-v	V	:0:mogamb.ttc
hgothrn-h	H	:0:mogag.ttc
hgothrn-v	V	:0:mogag.ttc
hgothbn-h	H	:0:mogagb.ttc
hgothbn-v	V	:0:mogagb.ttc
hgothebn-h	H	:0:mogagb.ttc
hgothebn-v	V	:0:mogagb.ttc
hmgothrn-h	H	:0:mobog.ttc
hmgothrn-v	V	:0:mobog.ttc

% CID
otf-cjml-h	Identity-H	:0:mogam.ttc/AJ16
otf-cjml-v	Identity-V	:0:mogam.ttc/AJ16
otf-cjmr-h	Identity-H	:0:mogam.ttc/AJ16
otf-cjmr-v	Identity-V	:0:mogam.ttc/AJ16
otf-cjmb-h	Identity-H	:0:mogamb.ttc/AJ16
otf-cjmb-v	Identity-V	:0:mogamb.ttc/AJ16
otf-cjgr-h	Identity-H	:0:mogag.ttc/AJ16
otf-cjgr-v	Identity-V	:0:mogag.ttc/AJ16
otf-cjgb-h	Identity-H	:0:mogagb.ttc/AJ16
otf-cjgb-v	Identity-V	:0:mogagb.ttc/AJ16
otf-cjge-h	Identity-H	:0:mogagb.ttc/AJ16
otf-cjge-v	Identity-V	:0:mogagb.ttc/AJ16
otf-cjmgr-h	Identity-H	:0:mobog.ttc/AJ16
otf-cjmgr-v	Identity-V	:0:mobog.ttc/AJ16

% Unicode 90JIS
otf-ujml-h	UniJIS-UTF16-H	:3:mogam.ttc
otf-ujml-v	UniJIS-UTF16-V	:3:mogam.ttc
otf-ujmr-h	UniJIS-UTF16-H	:3:mogam.ttc
otf-ujmr-v	UniJIS-UTF16-V	:3:mogam.ttc
otf-ujmb-h	UniJIS-UTF16-H	:3:mogamb.ttc
otf-ujmb-v	UniJIS-UTF16-V	:3:mogamb.ttc
otf-ujgr-h	UniJIS-UTF16-H	:3:mogag.ttc
otf-ujgr-v	UniJIS-UTF16-V	:3:mogag.ttc
otf-ujgb-h	UniJIS-UTF16-H	:3:mogagb.ttc
otf-ujgb-v	UniJIS-UTF16-V	:3:mogagb.ttc
otf-ujge-h	UniJIS-UTF16-H	:3:mogagb.ttc
otf-ujge-v	UniJIS-UTF16-V	:3:mogagb.ttc
otf-ujmgr-h	UniJIS-UTF16-H	:3:mobog.ttc
otf-ujmgr-v	UniJIS-UTF16-V	:3:mobog.ttc

% Unicode JIS04
otf-ujmln-h	UniJIS2004-UTF16-H	:0:mogam.ttc
otf-ujmln-v	UniJIS2004-UTF16-V	:0:mogam.ttc
otf-ujmrn-h	UniJIS2004-UTF16-H	:0:mogam.ttc
otf-ujmrn-v	UniJIS2004-UTF16-V	:0:mogam.ttc
otf-ujmbn-h	UniJIS2004-UTF16-H	:0:mogamb.ttc
otf-ujmbn-v	UniJIS2004-UTF16-V	:0:mogamb.ttc
otf-ujgrn-h	UniJIS2004-UTF16-H	:0:mogag.ttc
otf-ujgrn-v	UniJIS2004-UTF16-V	:0:mogag.ttc
otf-ujgbn-h	UniJIS2004-UTF16-H	:0:mogagb.ttc
otf-ujgbn-v	UniJIS2004-UTF16-V	:0:mogagb.ttc
otf-ujgen-h	UniJIS2004-UTF16-H	:0:mogagb.ttc
otf-ujgen-v	UniJIS2004-UTF16-V	:0:mogagb.ttc
otf-ujmgrn-h	UniJIS2004-UTF16-H	:0:mobog.ttc
otf-ujmgrn-v	UniJIS2004-UTF16-V	:0:mobog.ttc
