
% CID
otf-ckml-h	Identity-H	!HYSMyeongJo-Medium
otf-ckml-v	Identity-V	!HYSMyeongJo-Medium
otf-ckmr-h	Identity-H	!HYSMyeongJo-Medium
otf-ckmr-v	Identity-V	!HYSMyeongJo-Medium
otf-ckmb-h	Identity-H	!HYSMyeongJo-Medium
otf-ckmb-v	Identity-V	!HYSMyeongJo-Medium
otf-ckgr-h	Identity-H	!HYGoThic-Medium
otf-ckgr-v	Identity-V	!HYGoThic-Medium
otf-ckgb-h	Identity-H	!HYGoThic-Medium
otf-ckgb-v	Identity-V	!HYGoThic-Medium
otf-ckge-h	Identity-H	!HYGoThic-Medium
otf-ckge-v	Identity-V	!HYGoThic-Medium
otf-ckmgr-h	Identity-H	!HYRGoThic-Medium
otf-ckmgr-v	Identity-V	!HYRGoThic-Medium

% Unicode
otf-ukml-h	unicode	:1:SourceHanSerif-Light.ttc %!DVIPSFB !HYSMyeongJo-Medium-UniKS-UCS2-H
otf-ukml-v	unicode	:1:SourceHanSerif-Light.ttc -w 1 %!DVIPSFB !HYSMyeongJo-Medium-UniKS-UCS2-V
otf-ukmr-h	unicode	:1:SourceHanSerif-Regular.ttc %!DVIPSFB !HYSMyeongJo-Medium-UniKS-UCS2-H
otf-ukmr-v	unicode	:1:SourceHanSerif-Regular.ttc -w 1 %!DVIPSFB !HYSMyeongJo-Medium-UniKS-UCS2-V
otf-ukmb-h	unicode	:1:SourceHanSerif-Bold.ttc %!DVIPSFB !HYSMyeongJo-Medium-UniKS-UCS2-H
otf-ukmb-v	unicode	:1:SourceHanSerif-Bold.ttc -w 1 %!DVIPSFB !HYSMyeongJo-Medium-UniKS-UCS2-V
otf-ukgr-h	unicode	:1:SourceHanSans-Regular.ttc %!DVIPSFB !HYGoThic-Medium-UniKS-UCS2-H
otf-ukgr-v	unicode	:1:SourceHanSans-Regular.ttc -w 1 %!DVIPSFB !HYGoThic-Medium-UniKS-UCS2-V
otf-ukgb-h	unicode	:1:SourceHanSans-Bold.ttc %!DVIPSFB !HYGoThic-Medium-UniKS-UCS2-H
otf-ukgb-v	unicode	:1:SourceHanSans-Bold.ttc -w 1 %!DVIPSFB !HYGoThic-Medium-UniKS-UCS2-V
otf-ukge-h	unicode	:1:SourceHanSans-Heavy.ttc %!DVIPSFB !HYGoThic-Medium-UniKS-UCS2-H
otf-ukge-v	unicode	:1:SourceHanSans-Heavy.ttc -w 1 %!DVIPSFB !HYGoThic-Medium-UniKS-UCS2-V
otf-ukmgr-h	unicode	:1:SourceHanSans-Medium.ttc %!DVIPSFB !HYRGoThic-Medium-UniKS-UCS2-H
otf-ukmgr-v	unicode	:1:SourceHanSans-Medium.ttc -w 1 %!DVIPSFB !HYRGoThic-Medium-UniKS-UCS2-V
