
% TEXT, 90JIS
hminl-h	H	:0:FGCCHMW3.TTC
hminl-v	V	:0:FGCCHMW3.TTC
hminr-h	H	:0:FGCCHMW3.TTC
hminr-v	V	:0:FGCCHMW3.TTC
hminb-h	H	:0:FGCCHMW5.TTC
hminb-v	V	:0:FGCCHMW5.TTC
hgothr-h	H	:0:FGCCHGW5.TTC
hgothr-v	V	:0:FGCCHGW5.TTC
hgothb-h	H	:0:FGCCHGW7.TTC
hgothb-v	V	:0:FGCCHGW7.TTC
hgotheb-h	H	:0:FGCCHGW9.TTC
hgotheb-v	V	:0:FGCCHGW9.TTC
hmgothr-h	H	:0:FGCCARGM.TTC
hmgothr-v	V	:0:FGCCARGM.TTC

% TEXT, JIS04
hminln-h	H	:0:FGCCHMW3.TTC
hminln-v	V	:0:FGCCHMW3.TTC
hminrn-h	H	:0:FGCCHMW3.TTC
hminrn-v	V	:0:FGCCHMW3.TTC
hminbn-h	H	:0:FGCCHMW5.TTC
hminbn-v	V	:0:FGCCHMW5.TTC
hgothrn-h	H	:0:FGCCHGW5.TTC
hgothrn-v	V	:0:FGCCHGW5.TTC
hgothbn-h	H	:0:FGCCHGW7.TTC
hgothbn-v	V	:0:FGCCHGW7.TTC
hgothebn-h	H	:0:FGCCHGW9.TTC
hgothebn-v	V	:0:FGCCHGW9.TTC
hmgothrn-h	H	:0:FGCCARGM.TTC
hmgothrn-v	V	:0:FGCCARGM.TTC

% CID
otf-cjml-h	Identity-H	:0:FGCCHMW3.TTC/AJ16
otf-cjml-v	Identity-V	:0:FGCCHMW3.TTC/AJ16
otf-cjmr-h	Identity-H	:0:FGCCHMW3.TTC/AJ16
otf-cjmr-v	Identity-V	:0:FGCCHMW3.TTC/AJ16
otf-cjmb-h	Identity-H	:0:FGCCHMW5.TTC/AJ16
otf-cjmb-v	Identity-V	:0:FGCCHMW5.TTC/AJ16
otf-cjgr-h	Identity-H	:0:FGCCHGW5.TTC/AJ16
otf-cjgr-v	Identity-V	:0:FGCCHGW5.TTC/AJ16
otf-cjgb-h	Identity-H	:0:FGCCHGW7.TTC/AJ16
otf-cjgb-v	Identity-V	:0:FGCCHGW7.TTC/AJ16
otf-cjge-h	Identity-H	:0:FGCCHGW9.TTC/AJ16
otf-cjge-v	Identity-V	:0:FGCCHGW9.TTC/AJ16
otf-cjmgr-h	Identity-H	:0:FGCCARGM.TTC/AJ16
otf-cjmgr-v	Identity-V	:0:FGCCARGM.TTC/AJ16

% Unicode 90JIS
otf-ujml-h	UniJIS-UTF16-H	:0:FGCCHMW3.TTC
otf-ujml-v	UniJIS-UTF16-V	:0:FGCCHMW3.TTC
otf-ujmr-h	UniJIS-UTF16-H	:0:FGCCHMW3.TTC
otf-ujmr-v	UniJIS-UTF16-V	:0:FGCCHMW3.TTC
otf-ujmb-h	UniJIS-UTF16-H	:0:FGCCHMW5.TTC
otf-ujmb-v	UniJIS-UTF16-V	:0:FGCCHMW5.TTC
otf-ujgr-h	UniJIS-UTF16-H	:0:FGCCHGW5.TTC
otf-ujgr-v	UniJIS-UTF16-V	:0:FGCCHGW5.TTC
otf-ujgb-h	UniJIS-UTF16-H	:0:FGCCHGW7.TTC
otf-ujgb-v	UniJIS-UTF16-V	:0:FGCCHGW7.TTC
otf-ujge-h	UniJIS-UTF16-H	:0:FGCCHGW9.TTC
otf-ujge-v	UniJIS-UTF16-V	:0:FGCCHGW9.TTC
otf-ujmgr-h	UniJIS-UTF16-H	:0:FGCCARGM.TTC
otf-ujmgr-v	UniJIS-UTF16-V	:0:FGCCARGM.TTC

% Unicode JIS04
otf-ujmln-h	UniJIS2004-UTF16-H	:0:FGCCHMW3.TTC
otf-ujmln-v	UniJIS2004-UTF16-V	:0:FGCCHMW3.TTC
otf-ujmrn-h	UniJIS2004-UTF16-H	:0:FGCCHMW3.TTC
otf-ujmrn-v	UniJIS2004-UTF16-V	:0:FGCCHMW3.TTC
otf-ujmbn-h	UniJIS2004-UTF16-H	:0:FGCCHMW5.TTC
otf-ujmbn-v	UniJIS2004-UTF16-V	:0:FGCCHMW5.TTC
otf-ujgrn-h	UniJIS2004-UTF16-H	:0:FGCCHGW5.TTC
otf-ujgrn-v	UniJIS2004-UTF16-V	:0:FGCCHGW5.TTC
otf-ujgbn-h	UniJIS2004-UTF16-H	:0:FGCCHGW7.TTC
otf-ujgbn-v	UniJIS2004-UTF16-V	:0:FGCCHGW7.TTC
otf-ujgen-h	UniJIS2004-UTF16-H	:0:FGCCHGW9.TTC
otf-ujgen-v	UniJIS2004-UTF16-V	:0:FGCCHGW9.TTC
otf-ujmgrn-h	UniJIS2004-UTF16-H	:0:FGCCARGM.TTC
otf-ujmgrn-v	UniJIS2004-UTF16-V	:0:FGCCARGM.TTC
