
% TEXT, 90JIS
uphminl-h	UniJIS-UTF16-H	:0:FGCCHMW3.TTC
uphminl-v	UniJIS-UTF16-V	:0:FGCCHMW3.TTC
uphminr-h	UniJIS-UTF16-H	:0:FGCCHMW3.TTC
uphminr-v	UniJIS-UTF16-V	:0:FGCCHMW3.TTC
uphminb-h	UniJIS-UTF16-H	:0:FGCCHMW5.TTC
uphminb-v	UniJIS-UTF16-V	:0:FGCCHMW5.TTC
uphgothr-h	UniJIS-UTF16-H	:0:FGCCHGW5.TTC
uphgothr-v	UniJIS-UTF16-V	:0:FGCCHGW5.TTC
uphgothb-h	UniJIS-UTF16-H	:0:FGCCHGW7.TTC
uphgothb-v	UniJIS-UTF16-V	:0:FGCCHGW7.TTC
uphgotheb-h	UniJIS-UTF16-H	:0:FGCCHGW9.TTC
uphgotheb-v	UniJIS-UTF16-V	:0:FGCCHGW9.TTC
uphmgothr-h	UniJIS-UTF16-H	:0:FGCCARGM.TTC
uphmgothr-v	UniJIS-UTF16-V	:0:FGCCARGM.TTC

% TEXT, JIS04
uphminln-h	UniJIS2004-UTF16-H	:0:FGCCHMW3.TTC
uphminln-v	UniJIS2004-UTF16-V	:0:FGCCHMW3.TTC
uphminrn-h	UniJIS2004-UTF16-H	:0:FGCCHMW3.TTC
uphminrn-v	UniJIS2004-UTF16-V	:0:FGCCHMW3.TTC
uphminbn-h	UniJIS2004-UTF16-H	:0:FGCCHMW5.TTC
uphminbn-v	UniJIS2004-UTF16-V	:0:FGCCHMW5.TTC
uphgothrn-h	UniJIS2004-UTF16-H	:0:FGCCHGW5.TTC
uphgothrn-v	UniJIS2004-UTF16-V	:0:FGCCHGW5.TTC
uphgothbn-h	UniJIS2004-UTF16-H	:0:FGCCHGW7.TTC
uphgothbn-v	UniJIS2004-UTF16-V	:0:FGCCHGW7.TTC
uphgothebn-h	UniJIS2004-UTF16-H	:0:FGCCHGW9.TTC
uphgothebn-v	UniJIS2004-UTF16-V	:0:FGCCHGW9.TTC
uphmgothrn-h	UniJIS2004-UTF16-H	:0:FGCCARGM.TTC
uphmgothrn-v	UniJIS2004-UTF16-V	:0:FGCCARGM.TTC
