
% CID
otf-ckml-h	Identity-H	batang.ttf/AK12 %!PS Baekmuk-Batang
otf-ckml-v	Identity-V	batang.ttf/AK12 %!PS Baekmuk-Batang
otf-ckmr-h	Identity-H	batang.ttf/AK12 %!PS Baekmuk-Batang
otf-ckmr-v	Identity-V	batang.ttf/AK12 %!PS Baekmuk-Batang
otf-ckmb-h	Identity-H	batang.ttf/AK12 %!PS Baekmuk-Batang
otf-ckmb-v	Identity-V	batang.ttf/AK12 %!PS Baekmuk-Batang
otf-ckgr-h	Identity-H	dotum.ttf/AK12 %!PS Baekmuk-Dotum
otf-ckgr-v	Identity-V	dotum.ttf/AK12 %!PS Baekmuk-Dotum
otf-ckgb-h	Identity-H	dotum.ttf/AK12 %!PS Baekmuk-Dotum
otf-ckgb-v	Identity-V	dotum.ttf/AK12 %!PS Baekmuk-Dotum
otf-ckge-h	Identity-H	dotum.ttf/AK12 %!PS Baekmuk-Dotum
otf-ckge-v	Identity-V	dotum.ttf/AK12 %!PS Baekmuk-Dotum
otf-ckmgr-h	Identity-H	gulim.ttf/AK12 %!PS Baekmuk-Gulim
otf-ckmgr-v	Identity-V	gulim.ttf/AK12 %!PS Baekmuk-Gulim

% Unicode
otf-ukml-h	UniKS-UCS2-H	batang.ttf %!PS Baekmuk-Batang
otf-ukml-v	UniKS-UCS2-V	batang.ttf %!PS Baekmuk-Batang
otf-ukmr-h	UniKS-UCS2-H	batang.ttf %!PS Baekmuk-Batang
otf-ukmr-v	UniKS-UCS2-V	batang.ttf %!PS Baekmuk-Batang
otf-ukmb-h	UniKS-UCS2-H	batang.ttf %!PS Baekmuk-Batang
otf-ukmb-v	UniKS-UCS2-V	batang.ttf %!PS Baekmuk-Batang
otf-ukgr-h	UniKS-UCS2-H	dotum.ttf %!PS Baekmuk-Dotum
otf-ukgr-v	UniKS-UCS2-V	dotum.ttf %!PS Baekmuk-Dotum
otf-ukgb-h	UniKS-UCS2-H	dotum.ttf %!PS Baekmuk-Dotum
otf-ukgb-v	UniKS-UCS2-V	dotum.ttf %!PS Baekmuk-Dotum
otf-ukge-h	UniKS-UCS2-H	dotum.ttf %!PS Baekmuk-Dotum
otf-ukge-v	UniKS-UCS2-V	dotum.ttf %!PS Baekmuk-Dotum
otf-ukmgr-h	UniKS-UCS2-H	gulim.ttf %!PS Baekmuk-Gulim
otf-ukmgr-v	UniKS-UCS2-V	gulim.ttf %!PS Baekmuk-Gulim
