
% TEXT, 90JIS
uphminl-h	unicode	:0:NotoSerifCJK-Light.ttc -l jp90
uphminl-v	unicode	:0:NotoSerifCJK-Light.ttc -w 1 -l jp90
uphminr-h	unicode	:0:NotoSerifCJK-Regular.ttc -l jp90
uphminr-v	unicode	:0:NotoSerifCJK-Regular.ttc -w 1 -l jp90
uphminb-h	unicode	:0:NotoSerifCJK-Bold.ttc -l jp90
uphminb-v	unicode	:0:NotoSerifCJK-Bold.ttc -w 1 -l jp90
uphgothr-h	unicode	:0:NotoSansCJK-Regular.ttc -l jp90
uphgothr-v	unicode	:0:NotoSansCJK-Regular.ttc -w 1 -l jp90
uphgothb-h	unicode	:0:NotoSansCJK-Bold.ttc -l jp90
uphgothb-v	unicode	:0:NotoSansCJK-Bold.ttc -w 1 -l jp90
uphgotheb-h	unicode	:0:NotoSansCJK-Black.ttc -l jp90
uphgotheb-v	unicode	:0:NotoSansCJK-Black.ttc -w 1 -l jp90
uphmgothr-h	unicode	:0:NotoSansCJK-Black.ttc -l jp90
uphmgothr-v	unicode	:0:NotoSansCJK-Black.ttc -w 1 -l jp90

% TEXT, JIS04
uphminln-h	unicode	:0:NotoSerifCJK-Light.ttc -l jp04
uphminln-v	unicode	:0:NotoSerifCJK-Light.ttc -w 1 -l jp04
uphminrn-h	unicode	:0:NotoSerifCJK-Regular.ttc -l jp04
uphminrn-v	unicode	:0:NotoSerifCJK-Regular.ttc -w 1 -l jp04
uphminbn-h	unicode	:0:NotoSerifCJK-Bold.ttc -l jp04
uphminbn-v	unicode	:0:NotoSerifCJK-Bold.ttc -w 1 -l jp04
uphgothrn-h	unicode	:0:NotoSansCJK-Regular.ttc -l jp04
uphgothrn-v	unicode	:0:NotoSansCJK-Regular.ttc -w 1 -l jp04
uphgothbn-h	unicode	:0:NotoSansCJK-Bold.ttc -l jp04
uphgothbn-v	unicode	:0:NotoSansCJK-Bold.ttc -w 1 -l jp04
uphgothebn-h	unicode	:0:NotoSansCJK-Black.ttc -l jp04
uphgothebn-v	unicode	:0:NotoSansCJK-Black.ttc -w 1 -l jp04
uphmgothrn-h	unicode	:0:NotoSansCJK-Black.ttc -l jp04
uphmgothrn-v	unicode	:0:NotoSansCJK-Black.ttc -w 1 -l jp04
